// Jest Snapshot v1, https://goo.gl/fbAQLP

exports[`a query=inverse-create.graphql 1`] = `
{
  "data": {
    "createChild": {
      "child": {
        "dadParent": {
          "id": "WyJQYXJlbnQiLDNd",
        },
        "id": "WyJDaGlsZCIsMl0=",
        "momParent": null,
        "name": "Me first but what about required constraints",
      },
    },
  },
}
`;

exports[`a query=test.graphql 1`] = `
{
  "data": {
    "createParent": {
      "parent": {
        "childrenByDadParentId": {
          "nodes": [
            {
              "dadParent": {
                "id": "WyJQYXJlbnQiLDNd",
              },
              "id": "WyJDaGlsZCIsMl0=",
              "momParent": null,
              "name": "child 1 of test f1",
            },
          ],
        },
        "childrenByMomParentId": {
          "nodes": [
            {
              "id": "WyJDaGlsZCIsM10=",
              "momParent": {
                "id": "WyJQYXJlbnQiLDNd",
              },
              "name": "child 2 of test f1",
            },
          ],
        },
        "id": "WyJQYXJlbnQiLDNd",
        "name": "test f1",
      },
    },
  },
}
`;

exports[`b query=test.graphql 1`] = `
{
  "data": {
    "createJob": {
      "job": {
        "id": "WyJKb2IiLDFd",
        "jobRelationshipsByFromJobId": {
          "nodes": [],
        },
        "jobRelationshipsByToJobId": {
          "nodes": [
            {
              "fromJobId": null,
              "toJobId": 1,
              "type": "test",
            },
          ],
        },
      },
    },
  },
}
`;
